2026-03-11 16:54:22 [INFO] APP端登录成功
2026-03-11 16:54:23 [INFO] 文化资产登记成功
2026-03-11 16:54:23 [INFO] WEB端登录成功
2026-03-11 16:54:42 [INFO] 资产登记审核成功
2026-03-11 16:54:42 [INFO] 资产公示审核成功
2026-03-11 18:00:08 [INFO] APP端登录成功
2026-03-11 18:00:08 [INFO] 文化资产登记成功
2026-03-11 18:00:08 [INFO] WEB端登录成功
2026-03-11 18:00:09 [INFO] 资产登记审核成功
2026-03-11 18:00:09 [INFO] 资产公示审核成功
2026-03-11 18:04:40 [INFO] APP端登录成功
2026-03-11 18:04:40 [INFO] 文化资产登记成功
2026-03-11 18:04:40 [INFO] WEB端登录成功
2026-03-11 18:04:42 [INFO] 资产登记审核成功
2026-03-11 18:04:42 [INFO] 资产公示审核成功
2026-03-11 18:16:20 [INFO] APP端登录成功
2026-03-11 18:16:20 [INFO] 文化资产登记成功
2026-03-11 18:16:20 [INFO] WEB端登录成功
2026-03-11 18:16:21 [INFO] 资产登记审核成功
2026-03-11 18:16:21 [INFO] 资产公示审核成功
2026-03-11 18:22:00 [INFO] APP端登录成功
2026-03-11 18:22:00 [INFO] 文化资产登记成功
2026-03-11 18:22:00 [INFO] WEB端登录成功
2026-03-11 18:22:04 [INFO] 资产登记审核成功
2026-03-11 18:22:04 [INFO] 资产公示审核成功
2026-03-11 18:30:53 [INFO] APP端登录成功
2026-03-11 18:30:53 [INFO] 文化资产登记成功
2026-03-11 18:30:53 [INFO] WEB端登录成功
2026-03-11 18:30:57 [INFO] 资产登记审核成功
2026-03-11 18:30:57 [INFO] 资产公示审核成功
2026-03-11 18:32:43 [INFO] APP端登录成功
2026-03-11 18:32:43 [INFO] 文化资产登记成功
2026-03-11 18:32:43 [INFO] WEB端登录成功
2026-03-11 18:32:45 [INFO] 资产登记审核成功
2026-03-11 18:32:45 [INFO] 资产公示审核成功
2026-03-11 18:33:18 [INFO] APP端登录成功
2026-03-11 18:33:18 [INFO] 文化资产登记成功
2026-03-11 18:33:18 [INFO] WEB端登录成功
2026-03-11 18:33:20 [INFO] 资产登记审核成功
2026-03-11 18:33:20 [INFO] 资产公示审核成功
