2026-03-04 10:15:13 [INFO] 用户登录成功
2026-03-04 10:15:15 [INFO] 文化资产登记成功
2026-03-04 14:22:08 [INFO] APP端登录成功
2026-03-04 14:23:22 [INFO] APP端登录成功
2026-03-04 14:23:22 [INFO] 文化资产登记成功
2026-03-04 14:24:02 [INFO] APP端登录成功
2026-03-04 14:24:02 [INFO] 文化资产登记成功
2026-03-04 14:26:51 [INFO] APP端登录成功
2026-03-04 14:26:51 [INFO] 文化资产登记成功
2026-03-04 15:34:02 [INFO] APP端登录成功
2026-03-04 15:34:02 [INFO] 文化资产登记成功
2026-03-04 15:34:02 [INFO] WEB端登录成功
2026-03-04 15:34:02 [INFO] 资产审核成功
2026-03-04 15:47:25 [INFO] APP端登录成功
2026-03-04 15:47:25 [INFO] 文化资产登记成功
2026-03-04 15:47:25 [INFO] WEB端登录成功
2026-03-04 15:47:27 [INFO] 资产登记审核成功
2026-03-04 15:47:27 [INFO] 资产公示审核成功
2026-03-04 16:01:39 [INFO] APP端登录成功
2026-03-04 16:01:39 [INFO] 文化资产登记成功
2026-03-04 16:01:39 [INFO] WEB端登录成功
2026-03-04 16:01:41 [INFO] 资产登记审核成功
2026-03-04 16:01:41 [INFO] 资产公示审核成功
2026-03-04 17:12:25 [INFO] APP端登录成功
2026-03-04 17:12:25 [INFO] 文化资产登记成功
2026-03-04 17:12:25 [INFO] WEB端登录成功
2026-03-04 17:12:30 [INFO] 资产登记审核成功
2026-03-04 17:12:30 [INFO] 资产公示审核成功
2026-03-04 18:23:55 [INFO] APP端登录成功
2026-03-04 18:23:56 [INFO] 文化资产登记成功
2026-03-04 18:23:56 [INFO] WEB端登录成功
2026-03-04 18:23:57 [INFO] 资产登记审核成功
2026-03-04 18:23:57 [INFO] 资产公示审核成功
2026-03-04 18:25:43 [INFO] APP端登录成功
2026-03-04 18:25:43 [INFO] 文化资产登记成功
