2026-03-23 10:31:50 [INFO] [HTTP] POST https://www.whhnhy.com:38868/converge-app-api/converge/auth/login attempt=1/4
2026-03-23 10:31:52 [INFO] APP端登录成功
2026-03-23 10:31:52 [INFO] [HTTP] POST https://www.whhnhy.com:38868/api/converge-app-api/digital/culture/asset/create attempt=1/4
2026-03-23 10:31:53 [INFO] 文化资产登记成功
2026-03-23 10:31:53 [INFO] [HTTP] POST https://www.whhnhy.com:38868/admin-api/system/auth/login attempt=1/4
2026-03-23 10:31:53 [INFO] WEB端登录成功
2026-03-23 10:31:53 [INFO] [HTTP] PUT https://www.whhnhy.com:38868/admin-api/digital/culture/asset/audit attempt=1/4
2026-03-23 10:31:57 [INFO] 资产登记审核成功
2026-03-23 10:31:57 [INFO] [HTTP] PUT https://www.whhnhy.com:38868/admin-api/digital/culture/asset/update-notice-status attempt=1/4
2026-03-23 10:31:57 [INFO] 资产公示审核成功
2026-03-23 10:49:17 [INFO] [HTTP] POST https://www.whhnhy.com:38868/converge-app-api/converge/auth/login attempt=1/4
2026-03-23 10:49:18 [ERROR] APP端登录失败: Unable to find instance for converge-server
2026-03-23 10:50:21 [INFO] [HTTP] POST https://www.whhnhy.com:38868/converge-app-api/converge/auth/login attempt=1/4
2026-03-23 10:50:25 [INFO] APP端登录成功
2026-03-23 10:50:25 [INFO] [HTTP] POST https://www.whhnhy.com:38868/api/converge-app-api/digital/culture/asset/create attempt=1/4
2026-03-23 10:50:26 [INFO] 文化资产登记成功
2026-03-23 10:50:26 [INFO] [HTTP] POST https://www.whhnhy.com:38868/admin-api/system/auth/login attempt=1/4
2026-03-23 10:50:27 [INFO] WEB端登录成功
2026-03-23 10:50:27 [INFO] [HTTP] PUT https://www.whhnhy.com:38868/admin-api/digital/culture/asset/audit attempt=1/4
2026-03-23 10:50:27 [INFO] 资产登记审核成功
2026-03-23 10:50:27 [INFO] [HTTP] PUT https://www.whhnhy.com:38868/admin-api/digital/culture/asset/update-notice-status attempt=1/4
2026-03-23 10:50:27 [INFO] 资产公示审核成功
2026-03-23 10:50:40 [INFO] [HTTP] POST https://www.whhnhy.com:38868/converge-app-api/converge/auth/login attempt=1/4
2026-03-23 10:50:41 [INFO] APP端登录成功
2026-03-23 10:50:41 [INFO] [HTTP] POST https://www.whhnhy.com:38868/api/converge-app-api/digital/culture/asset/create attempt=1/4
2026-03-23 10:50:41 [INFO] 文化资产登记成功
2026-03-23 10:50:41 [INFO] [HTTP] POST https://www.whhnhy.com:38868/admin-api/system/auth/login attempt=1/4
2026-03-23 10:50:41 [INFO] WEB端登录成功
2026-03-23 10:50:41 [INFO] [HTTP] PUT https://www.whhnhy.com:38868/admin-api/digital/culture/asset/audit attempt=1/4
2026-03-23 10:50:42 [INFO] 资产登记审核成功
2026-03-23 10:50:42 [INFO] [HTTP] PUT https://www.whhnhy.com:38868/admin-api/digital/culture/asset/update-notice-status attempt=1/4
2026-03-23 10:50:42 [INFO] 资产公示审核成功
2026-03-23 11:07:09 [INFO] [HTTP] POST https://www.whhnhy.com:38868/converge-app-api/converge/auth/login attempt=1/4
2026-03-23 11:07:10 [INFO] APP端登录成功
2026-03-23 11:08:08 [INFO] [HTTP] POST https://www.whhnhy.com:38868/converge-app-api/converge/auth/login attempt=1/4
2026-03-23 11:08:09 [INFO] APP端登录成功
2026-03-23 11:08:09 [INFO] [HTTP] POST https://www.whhnhy.com:38868/converge-app-api/converge/auth/login attempt=1/4
2026-03-23 11:08:09 [ERROR] APP端登录失败: 手机号不能为空
2026-03-23 11:08:09 [INFO] [HTTP] POST https://www.whhnhy.com:38868/converge-app-api/converge/auth/login attempt=1/4
2026-03-23 11:08:09 [ERROR] APP端登录失败: 密码长度为 4-16 位
2026-03-23 11:08:09 [INFO] [HTTP] POST https://www.whhnhy.com:38868/converge-app-api/converge/auth/login attempt=1/4
2026-03-23 11:08:09 [ERROR] APP端登录失败: 登录失败，账号密码不正确
2026-03-23 11:08:09 [INFO] [HTTP] POST https://www.whhnhy.com:38868/converge-app-api/converge/auth/login attempt=1/4
2026-03-23 11:08:10 [ERROR] APP端登录失败: 用户不存在
2026-03-23 14:00:16 [INFO] [HTTP] POST https://www.whhnhy.com:38868/converge-app-api/converge/auth/login attempt=1/4
2026-03-23 14:00:17 [ERROR] APP端登录失败: Unable to find instance for converge-server
2026-03-23 14:01:50 [INFO] [HTTP] POST https://www.whhnhy.com:38868/converge-app-api/converge/auth/login attempt=1/4
2026-03-23 14:01:50 [ERROR] APP端登录失败: 系统异常
2026-03-23 14:01:59 [INFO] [HTTP] POST https://www.whhnhy.com:38868/converge-app-api/converge/auth/login attempt=1/4
2026-03-23 14:01:59 [ERROR] APP端登录失败: 系统异常
2026-03-23 14:04:31 [INFO] [HTTP] POST https://www.whhnhy.com:38868/converge-app-api/converge/auth/login attempt=1/4
2026-03-23 14:04:32 [INFO] APP端登录成功
