2026-03-06 09:40:59 [INFO] APP端登录成功
2026-03-06 09:40:59 [INFO] 获取对话成功
2026-03-06 09:40:59 [INFO] 多轮对话生成成功
2026-03-06 09:45:59 [INFO] WEB端登录成功
2026-03-06 09:46:04 [INFO] 查询已注册资产成功
2026-03-06 09:46:11 [INFO] 资产登记审核成功
2026-03-06 10:17:15 [INFO] APP端登录成功
2026-03-06 10:17:16 [INFO] 文化资产登记成功
2026-03-06 10:36:22 [INFO] APP端登录成功
2026-03-06 10:36:22 [INFO] 文化资产登记成功
2026-03-06 13:34:25 [INFO] APP端登录成功
2026-03-06 13:34:25 [INFO] 获取对话成功
2026-03-06 13:34:26 [INFO] 多轮对话生成成功
2026-03-06 13:37:26 [INFO] APP端登录成功
2026-03-06 13:37:26 [INFO] 获取对话成功
2026-03-06 13:37:26 [INFO] 多轮对话生成成功
2026-03-06 13:38:40 [INFO] APP端登录成功
2026-03-06 13:38:40 [INFO] 获取对话成功
2026-03-06 13:38:41 [INFO] 多轮对话生成成功
2026-03-06 14:00:26 [INFO] APP端登录成功
2026-03-06 14:00:26 [INFO] 获取对话成功
2026-03-06 14:00:26 [INFO] 多轮对话生成成功
2026-03-06 17:21:50 [INFO] APP端登录成功
2026-03-06 17:21:51 [INFO] 文化资产登记成功
2026-03-06 17:21:51 [INFO] WEB端登录成功
2026-03-06 17:21:55 [INFO] 资产登记审核成功
2026-03-06 17:21:55 [INFO] 资产公示审核成功
2026-03-06 17:51:24 [INFO] APP端登录成功
2026-03-06 17:51:24 [INFO] 文化资产登记成功
2026-03-06 17:51:25 [INFO] WEB端登录成功
2026-03-06 17:51:26 [INFO] 资产登记审核成功
2026-03-06 17:51:26 [INFO] 资产公示审核成功
2026-03-06 17:54:32 [ERROR] APP端登录失败: 用户不存在
2026-03-06 17:54:52 [INFO] APP端登录成功
2026-03-06 17:54:52 [INFO] 文化资产登记成功
2026-03-06 17:54:52 [INFO] WEB端登录成功
2026-03-06 17:54:56 [INFO] 资产登记审核成功
2026-03-06 17:54:56 [INFO] 资产公示审核成功
