2026-05-13 10:34:07 - INFO -base_api.py -154 - [HTTP] POST https://www.whhnhy.com:38868/converge-app-api/converge/auth/login attempt=1/4
2026-05-13 10:34:08 - INFO -login.py -18 - APP端登录成功
2026-05-13 10:34:08 - INFO -base_api.py -154 - [HTTP] POST https://www.whhnhy.com:38868/api/converge-app-api/digital/culture/asset/create attempt=1/4
2026-05-13 10:34:08 - INFO -cultural_asset_actions.py -51 - 文化资产登记成功
2026-05-13 10:34:08 - INFO -base_api.py -154 - [HTTP] POST https://www.whhnhy.com:38868/admin-api/system/auth/login attempt=1/4
2026-05-13 10:34:08 - INFO -login.py -27 - WEB端登录成功
2026-05-13 10:34:08 - INFO -base_api.py -154 - [HTTP] PUT https://www.whhnhy.com:38868/admin-api/digital/culture/asset/audit attempt=1/4
2026-05-13 10:34:11 - INFO -cultural_asset_actions.py -23 - 资产登记审核成功
2026-05-13 10:34:11 - INFO -base_api.py -154 - [HTTP] PUT https://www.whhnhy.com:38868/admin-api/digital/culture/asset/update-notice-status attempt=1/4
2026-05-13 10:34:11 - INFO -cultural_asset_actions.py -37 - 资产公示审核成功
2026-05-13 10:34:11 - INFO -base_api.py -154 - [HTTP] POST https://www.whhnhy.com:38868/converge-app-api/converge/auth/login attempt=1/4
2026-05-13 10:34:11 - INFO -login.py -18 - APP端登录成功
2026-05-13 10:34:11 - INFO -base_api.py -154 - [HTTP] POST https://www.whhnhy.com:38868/api/converge-app-api/third/report/valuation-records/create attempt=1/4
2026-05-13 10:34:12 - INFO -cultural_asset_actions.py -121 - 提交评估成功，评估ID: 2054389716572180482
2026-05-13 10:34:58 - INFO -base_api.py -154 - [HTTP] POST https://www.whhnhy.com:38868/converge-app-api/converge/auth/login attempt=1/4
2026-05-13 10:34:58 - INFO -login.py -18 - APP端登录成功
2026-05-13 10:34:58 - INFO -base_api.py -154 - [HTTP] POST https://www.whhnhy.com:38868/api/converge-app-api/digital/culture/asset/create attempt=1/4
2026-05-13 10:34:58 - INFO -cultural_asset_actions.py -51 - 文化资产登记成功
2026-05-13 10:34:58 - INFO -base_api.py -154 - [HTTP] POST https://www.whhnhy.com:38868/admin-api/system/auth/login attempt=1/4
2026-05-13 10:34:58 - INFO -login.py -27 - WEB端登录成功
2026-05-13 10:34:58 - INFO -base_api.py -154 - [HTTP] PUT https://www.whhnhy.com:38868/admin-api/digital/culture/asset/audit attempt=1/4
2026-05-13 10:35:00 - INFO -cultural_asset_actions.py -23 - 资产登记审核成功
2026-05-13 10:35:00 - INFO -base_api.py -154 - [HTTP] PUT https://www.whhnhy.com:38868/admin-api/digital/culture/asset/update-notice-status attempt=1/4
2026-05-13 10:35:00 - INFO -cultural_asset_actions.py -37 - 资产公示审核成功
2026-05-13 10:35:27 - INFO -base_api.py -154 - [HTTP] POST https://www.whhnhy.com:38868/converge-app-api/converge/auth/login attempt=1/4
2026-05-13 10:35:27 - INFO -login.py -18 - APP端登录成功
2026-05-13 10:35:27 - INFO -base_api.py -154 - [HTTP] POST https://www.whhnhy.com:38868/api/converge-app-api/digital/culture/asset/create attempt=1/4
2026-05-13 10:35:27 - INFO -cultural_asset_actions.py -51 - 文化资产登记成功
2026-05-13 10:35:27 - INFO -base_api.py -154 - [HTTP] POST https://www.whhnhy.com:38868/admin-api/system/auth/login attempt=1/4
2026-05-13 10:35:27 - INFO -login.py -27 - WEB端登录成功
2026-05-13 10:35:27 - INFO -base_api.py -154 - [HTTP] PUT https://www.whhnhy.com:38868/admin-api/digital/culture/asset/audit attempt=1/4
2026-05-13 10:35:29 - INFO -cultural_asset_actions.py -23 - 资产登记审核成功
2026-05-13 10:35:29 - INFO -base_api.py -154 - [HTTP] PUT https://www.whhnhy.com:38868/admin-api/digital/culture/asset/update-notice-status attempt=1/4
2026-05-13 10:35:29 - INFO -cultural_asset_actions.py -37 - 资产公示审核成功
